// Vitest Snapshot v1, https://vitest.dev/guide/snapshot.html

exports[`gated-tools > snapshots the surface so new tools and actions force a conscious approval decision 1`] = `
[
  "fetch",
  "get_activities",
  "get_calendars",
  "get_docs_page",
  "get_messaging_threads",
  "get_record_schema",
  "get_records",
  "get_social_post_engagement",
  "get_social_posts",
  "get_social_profile",
  "get_workspace_context",
  "linkedin_get_sales_search_parameters",
  "linkedin_search_sales_companies",
  "linkedin_search_sales_leads",
  "list_records",
  "list_users",
  "search",
  "search_docs",
  "search_records",
]
`;

exports[`gated-tools > snapshots the surface so new tools and actions force a conscious approval decision 2`] = `
[
  "connect_messaging_account",
  "create_contacts",
  "create_deals",
  "create_organizations",
  "create_services",
  "create_tasks",
  "linkedin_manage_sales_lists",
  "manage_custom_columns",
  "manage_record_links",
  "manage_social_relations",
  "manage_webhooks",
  "manage_widgets",
  "save_message_draft",
  "send_chat_message",
  "send_email",
  "update_contacts",
  "update_deals",
  "update_messaging_thread",
  "update_organizations",
  "update_record_notes",
  "update_services",
  "update_tasks",
  "update_workspace_settings",
]
`;

exports[`gated-tools > snapshots the surface so new tools and actions force a conscious approval decision 3`] = `
[
  "delete_records",
  "discard_message_draft",
  "manage_team",
  "request_support",
]
`;

exports[`gated-tools > snapshots the surface so new tools and actions force a conscious approval decision 4`] = `
{
  "linkedin_manage_sales_lists": [
    "list",
    "browse",
  ],
  "manage_custom_columns": [
    "list",
    "upsert",
  ],
  "manage_social_relations": [
    "list",
  ],
  "manage_team": [
    "update_member",
  ],
  "manage_webhooks": [
    "list",
    "get",
    "list_deliveries",
    "create",
    "update",
  ],
  "manage_widgets": [
    "list",
    "get",
    "create",
    "update",
  ],
}
`;
