// Vitest Snapshot v1, https://vitest.dev/guide/snapshot.html

exports[`gated-tools > snapshots the surface so new tools and actions force a conscious approval decision 1`] = `
[
  "discover_record_types",
  "fetch",
  "get_activities",
  "get_calendars",
  "get_docs_page",
  "get_messaging_threads",
  "get_record_model",
  "get_social_post_engagement",
  "get_social_posts",
  "get_social_profile",
  "get_workspace_context",
  "linkedin_get_sales_search_parameters",
  "linkedin_search_sales_companies",
  "linkedin_search_sales_leads",
  "list_users",
  "preview_crm_deletion",
  "query_crm_measure",
  "query_crm_records",
  "read_crm_operation",
  "read_crm_record",
  "read_recently_deleted_configuration",
  "read_trash",
  "resolve_record_identifiers",
  "search",
  "search_crm_records",
  "search_docs",
]
`;

exports[`gated-tools > snapshots the surface so new tools and actions force a conscious approval decision 2`] = `
[
  "cancel_crm_operation",
  "connect_messaging_account",
  "discard_message_draft",
  "linkedin_manage_sales_lists",
  "manage_data_views",
  "manage_routines",
  "manage_social_relations",
  "manage_webhooks",
  "manage_widgets",
  "manage_wiki_pages",
  "move_email_thread",
  "resume_crm_operation",
  "save_message_draft",
  "send_chat_message",
  "send_email",
  "update_messaging_thread",
  "update_workspace_settings",
]
`;

exports[`gated-tools > snapshots the surface so new tools and actions force a conscious approval decision 3`] = `
[
  "configure_record_model",
  "manage_conversation_records",
  "manage_record_detail_layout",
  "manage_roles",
  "manage_team",
  "manage_trash",
  "mutate_crm_record",
  "request_support",
]
`;

exports[`gated-tools > snapshots the surface so new tools and actions force a conscious approval decision 4`] = `
{
  "linkedin_manage_sales_lists": [
    "list",
    "browse",
    "save",
  ],
  "manage_conversation_records": [
    "read",
    "link",
    "unlink",
  ],
  "manage_data_views": [
    "surfaces",
    "list",
    "config",
    "create",
    "update",
    "select",
    "reset",
  ],
  "manage_record_detail_layout": [
    "read",
    "save",
    "reset",
  ],
  "manage_roles": [
    "read",
  ],
  "manage_routines": [
    "list",
    "runs",
    "create",
    "update",
    "pause",
    "run_now",
  ],
  "manage_social_relations": [
    "list",
    "invite",
    "accept",
    "cancel",
  ],
  "manage_team": [
    "update_member",
  ],
  "manage_trash": [
    "restore",
    "preview",
  ],
  "manage_webhooks": [
    "list",
    "get",
    "list_deliveries",
    "create",
    "update",
  ],
  "manage_widgets": [
    "list",
    "get",
    "create",
    "update",
  ],
  "manage_wiki_pages": [
    "list",
    "search",
    "get",
    "create",
    "update",
  ],
}
`;
